
============================================================
Сессия логирования начата: 09:22:53
============================================================

[09:22:53][INFO] === ЗАПУСК ПРИЛОЖЕНИЯ ===
[09:22:53][INFO] Система инициализирована, готово к работе
[09:22:53][INFO] Тестовые учетные записи: admin/admin123, user/user123
[09:22:53][INFO] Логирование в файл logs/application.log
[09:23:06][INFO] Попытка входа пользователя: admin
[09:23:06][INFO] Успешный вход пользователя: admin
[09:23:18][INFO] Очистка существующих задач перед добавлением тестового набора
[09:23:18][INFO] Добавление тестовых задач
[09:23:18][INFO] Тестовые задачи добавлены
[09:23:18][INFO] Система гарантированно планируема: 56,000000% < или = 77,976315%
[09:23:26][INFO] Запуск симуляции на 100 тиков
[09:24:07][INFO] Пользовательская задача добавлена: Notebook (P=75, WCET=5, D=75)
[09:24:07][INFO] Добавление пользовательской задачи
[09:24:22][INFO] Запуск симуляции на 100 тиков
[09:24:40][INFO] Сценарий сгенерирован: тип=1, утилизация=55,000000%
[09:24:56][INFO] Сценарий сгенерирован: тип=2, утилизация=62,500000%
[09:25:10][INFO] Сценарий сгенерирован: тип=3, утилизация=76,000000%
[09:25:26][INFO] Сценарий сгенерирован: тип=4, утилизация=163,333333%
[09:25:41][INFO] Сценарий сгенерирован: тип=5, утилизация=82,000000%
[09:28:30][INFO] === НАЧАЛО ВСЕХ ЮНИТ-ТЕСТОВ ===
[09:28:30][INFO] Запуск теста 1: Проверка теоремы Liu & Layland
[09:28:30][INFO] Запуск теста 2: Граничный случай планируемости
[09:28:30][INFO] Запуск теста 3: Очевидная непланируемость (перегрузка)
[09:28:30][INFO] Запуск теста 4: Проверка приоритетов RMS
[09:28:30][INFO] Запуск теста 5: Проверка пропуска дедлайнов
[09:28:30][INFO] Запуск теста 6: Управление задачами
[09:28:30][INFO] Все юнит-тесты пройдены успешно: 6/6
[09:28:50][INFO] Попытка входа пользователя: user
[09:28:50][INFO] Успешный вход пользователя: user
[09:29:12][INFO] Планировщик сброшен пользователем
[09:29:19][INFO] Пользователь вышел из системы
[09:29:22][INFO] Завершение работы приложения
[09:29:22][INFO] Приложение завершено

============================================================
Сессия логирования начата: 09:29:51
============================================================

[09:29:51][INFO] === ЗАПУСК ПРИЛОЖЕНИЯ ===
[09:29:51][INFO] Система инициализирована, готово к работе
[09:29:51][INFO] Тестовые учетные записи: admin/admin123, user/user123
[09:29:51][INFO] Логирование в файл logs/application.log
[09:30:01][INFO] Попытка входа пользователя: user
[09:30:01][INFO] Успешный вход пользователя: user
[09:30:03][INFO] Пользователь вышел из системы
[09:30:10][INFO] Попытка входа пользователя: admin
[09:30:10][INFO] Успешный вход пользователя: admin
[09:30:15][INFO] Завершение работы приложения
[09:30:15][INFO] Приложение завершено

============================================================
Сессия логирования начата: 09:39:47
============================================================

[09:39:47][INFO] === ЗАПУСК ПРИЛОЖЕНИЯ ===
[09:39:47][INFO] Система инициализирована, готово к работе
[09:39:47][INFO] Тестовые учетные записи: admin/admin123, user/user123
[09:39:47][INFO] Логирование в файл logs/application.log
[09:39:54][INFO] Попытка входа пользователя: admin
[09:39:54][WARNING] Неудачная попытка входа: admin
[09:40:21][INFO] Попытка входа пользователя: admin
[09:40:21][INFO] Успешный вход пользователя: admin

============================================================
Сессия логирования начата: 12:52:54
============================================================

[12:52:54][INFO] === ЗАПУСК ПРИЛОЖЕНИЯ ===
[12:52:54][INFO] Система инициализирована, готово к работе
[12:52:54][INFO] Тестовые учетные записи: admin/admin123, user/user123
[12:52:54][INFO] Логирование в файл logs/application.log

============================================================
Сессия логирования начата: 12:52:58
============================================================

[12:52:58][INFO] === ЗАПУСК ПРИЛОЖЕНИЯ ===
[12:52:58][INFO] Система инициализирована, готово к работе
[12:52:58][INFO] Тестовые учетные записи: admin/admin123, user/user123
[12:52:58][INFO] Логирование в файл logs/application.log
[12:53:05][INFO] Попытка входа пользователя: admin
[12:53:05][INFO] Успешный вход пользователя: admin

============================================================
Сессия логирования начата: 21:13:57
============================================================

[21:13:57][INFO] === ЗАПУСК ПРИЛОЖЕНИЯ ===
[21:13:57][INFO] Система инициализирована, готово к работе
[21:13:57][INFO] Тестовые учетные записи: admin/admin123, user/user123
[21:13:57][INFO] Логирование в файл logs/application.log

============================================================
Сессия логирования начата: 21:14:48
============================================================

[21:14:48][INFO] === ЗАПУСК ПРИЛОЖЕНИЯ ===
[21:14:48][INFO] Система инициализирована, готово к работе
[21:14:48][INFO] Тестовые учетные записи: admin/admin123, user/user123
[21:14:48][INFO] Логирование в файл logs/application.log
[21:15:39][INFO] Попытка входа пользователя: admin
[21:15:39][INFO] Успешный вход пользователя: admin
[21:25:21][INFO] Попытка входа пользователя: user
[21:25:21][INFO] Успешный вход пользователя: user

============================================================
Сессия логирования начата: 21:29:48
============================================================

[21:29:48][INFO] === ЗАПУСК ПРИЛОЖЕНИЯ ===
[21:29:48][INFO] Система инициализирована, готово к работе
[21:29:48][INFO] Тестовые учетные записи: admin/admin123, user/user123
[21:29:48][INFO] Логирование в файл logs/application.log
[21:29:57][INFO] Попытка входа пользователя: admin
[21:29:57][INFO] Успешный вход пользователя: admin
[21:32:16][INFO] Попытка входа пользователя: user
[21:32:16][INFO] Успешный вход пользователя: user
[21:40:26][INFO] Пользовательская задача добавлена: SystemMonitor (P=15, WCET=3, D=15)
[21:46:35][INFO] Запуск симуляции на 100 тиков
[21:48:48][INFO] Очистка существующих задач перед добавлением тестового набора
[21:48:48][INFO] Добавление тестовых задач
[21:48:48][INFO] Тестовые задачи добавлены
[21:48:48][INFO] Система гарантированно планируема: 56,000000% < или = 77,976315%
[21:58:52][INFO] Запуск симуляции на 100 тиков
[22:14:46][INFO] Приложение завершено

============================================================
Сессия логирования начата: 22:14:49
============================================================

[22:14:49][INFO] === ЗАПУСК ПРИЛОЖЕНИЯ ===
[22:14:49][INFO] Система инициализирована, готово к работе
[22:14:49][INFO] Тестовые учетные записи: admin/admin123, user/user123
[22:14:49][INFO] Логирование в файл logs/application.log
[22:15:07][INFO] Попытка входа пользователя: user
[22:15:07][INFO] Успешный вход пользователя: user
[22:15:31][INFO] Пользовательская задача добавлена: SystemMonitor (P=15, WCET=3, D=15)
[22:16:23][INFO] Запуск симуляции на 100 тиков
[22:31:54][INFO] Приложение завершено

============================================================
Сессия логирования начата: 22:51:57
============================================================

[22:51:57][INFO] === ЗАПУСК ПРИЛОЖЕНИЯ ===
[22:51:57][INFO] Система инициализирована, готово к работе
[22:51:57][INFO] Тестовые учетные записи: admin/admin123, user/user123
[22:51:57][INFO] Логирование в файл logs/application.log
[22:52:03][INFO] Попытка входа пользователя: user
[22:52:03][INFO] Успешный вход пользователя: user
[23:04:34][INFO] Приложение завершено

============================================================
Сессия логирования начата: 23:21:08
============================================================

[23:21:08][INFO] === ЗАПУСК ПРИЛОЖЕНИЯ ===
[23:21:08][INFO] Система инициализирована, готово к работе
[23:21:08][INFO] Тестовые учетные записи: admin/admin123, user/user123
[23:21:08][INFO] Логирование в файл logs/application.log
[23:21:19][INFO] Попытка входа пользователя: user
[23:21:19][INFO] Успешный вход пользователя: user
[23:21:56][INFO] Пользовательская задача добавлена: SystemMonitor (P=15, WCET=3, D=15)
[23:22:14][INFO] Запуск симуляции на 100 тиков
[23:27:21][INFO] Запуск симуляции на 100 тиков
[23:27:50][INFO] Планировщик сброшен пользователем
[23:28:08][INFO] Пользовательская задача добавлена: SystemMonitor (P=15, WCET=3, D=15)
[23:28:21][INFO] Запуск симуляции на 100 тиков
[23:28:41][INFO] Приложение завершено

============================================================
Сессия логирования начата: 23:29:17
============================================================

[23:29:17][INFO] === ЗАПУСК ПРИЛОЖЕНИЯ ===
[23:29:17][INFO] Система инициализирована, готово к работе
[23:29:17][INFO] Тестовые учетные записи: admin/admin123, user/user123
[23:29:17][INFO] Логирование в файл logs/application.log
[23:29:21][INFO] Попытка входа пользователя: user
[23:29:21][INFO] Успешный вход пользователя: user
[23:29:35][INFO] Пользовательская задача добавлена: SystemMonitor (P=15, WCET=3, D=15)
[23:29:45][INFO] Запуск симуляции на 100 тиков
[23:30:06][INFO] Приложение завершено

============================================================
Сессия логирования начата: 17:25:07
============================================================

[17:25:07][INFO] === ЗАПУСК ПРИЛОЖЕНИЯ ===
[17:25:07][INFO] Система инициализирована, готово к работе
[17:25:07][INFO] Тестовые учетные записи: admin/admin123, user/user123
[17:25:07][INFO] Логирование в файл logs/application.log
[17:25:13][INFO] Попытка входа пользователя: admin
[17:25:13][INFO] Успешный вход пользователя: admin
[17:25:25][INFO] Попытка входа пользователя: user
[17:25:25][INFO] Успешный вход пользователя: user
[17:25:58][INFO] Пользовательская задача добавлена: SystemMonitor (P=15, WCET=3, D=15)
[17:26:04][INFO] Запуск симуляции на 100 тиков
[17:26:27][INFO] Планировщик сброшен пользователем
[17:26:41][INFO] Пользовательская задача добавлена: SystemMonitor (P=15, WCET=3, D=15)
[17:26:46][INFO] Запуск симуляции на 100 тиков
[17:27:11][INFO] Планировщик сброшен пользователем
[17:27:13][INFO] Приложение завершено

============================================================
Сессия логирования начата: 17:27:52
============================================================

[17:27:52][INFO] === ЗАПУСК ПРИЛОЖЕНИЯ ===
[17:27:52][INFO] Система инициализирована, готово к работе
[17:27:52][INFO] Тестовые учетные записи: admin/admin123, user/user123
[17:27:52][INFO] Логирование в файл logs/application.log
[17:27:58][INFO] Попытка входа пользователя: user
[17:27:58][INFO] Успешный вход пользователя: user
[17:28:12][INFO] Пользовательская задача добавлена: SystemMonitor (P=15, WCET=3, D=15)
[17:28:17][INFO] Запуск симуляции на 100 тиков
