
============================================================
Сессия логирования начата: 09:22:53
============================================================

[09:22:53][INFO] Планировщик RMS инициализирован
[09:23:18][INFO] Сброс планировщика
[09:23:18][INFO] Задача добавлена: Системный монитор (P=15, WCET=3, D=15)
[09:23:18][INFO] Задача добавлена: Сбор данных (P=20, WCET=4, D=20)
[09:23:18][INFO] Задача добавлена: Сетевая связь (P=50, WCET=8, D=50)
[09:23:18][INFO] Таблица задач выведена, всего задач: 3
============================================================
  НАЧАЛО СИМУЛЯЦИИ RMS ПЛАНИРОВЩИКА
============================================================
[09:23:26][INFO] Длительность симуляции: 100 тиков
[09:23:26][INFO] Количество задач: 3
[09:23:26][INFO] Симуляция сброшена для нового запуска
[09:23:28][INFO] === СИМУЛЯЦИЯ ЗАВЕРШЕНА ===
[09:23:30][INFO] Экспорт CSV завершён: logs/simulation_20260611_092330.csv
[09:24:07][INFO] Задача добавлена: Notebook (P=75, WCET=5, D=75)
============================================================
  НАЧАЛО СИМУЛЯЦИИ RMS ПЛАНИРОВЩИКА
============================================================
[09:24:22][INFO] Длительность симуляции: 100 тиков
[09:24:22][INFO] Количество задач: 4
[09:24:22][INFO] Симуляция сброшена для нового запуска
[09:24:25][INFO] === СИМУЛЯЦИЯ ЗАВЕРШЕНА ===
[09:24:27][INFO] Экспорт CSV завершён: logs/simulation_20260611_092427.csv
[09:24:40][INFO] Сброс планировщика
[09:24:40][INFO] Задача добавлена: Высокоприоритетная (P=10, WCET=3, D=10)
[09:24:40][INFO] Задача добавлена: Средний приоритет (P=20, WCET=3, D=20)
[09:24:40][INFO] Задача добавлена: Низкий приоритет (P=50, WCET=5, D=50)
[09:24:40][INFO] Таблица задач выведена, всего задач: 3
============================================================
  НАЧАЛО СИМУЛЯЦИИ RMS ПЛАНИРОВЩИКА
============================================================
[09:24:40][INFO] Длительность симуляции: 500 тиков
[09:24:40][INFO] Количество задач: 3
[09:24:40][INFO] Симуляция сброшена для нового запуска
[09:24:55][INFO] === СИМУЛЯЦИЯ ЗАВЕРШЕНА ===
[09:24:55][INFO] Экспорт CSV завершён: logs/scenario_1_20260611_092455.csv
[09:24:56][INFO] Сброс планировщика
[09:24:56][INFO] Задача добавлена: Контроллер (P=100, WCET=25, D=100)
[09:24:56][INFO] Задача добавлена: Датчик температуры (P=200, WCET=35, D=200)
[09:24:56][INFO] Задача добавлена: Сетевая связь (P=500, WCET=55, D=500)
[09:24:56][INFO] Задача добавлена: Логирование (P=1000, WCET=90, D=1000)
[09:24:56][INFO] Таблица задач выведена, всего задач: 4
============================================================
  НАЧАЛО СИМУЛЯЦИИ RMS ПЛАНИРОВЩИКА
============================================================
[09:24:56][INFO] Длительность симуляции: 500 тиков
[09:24:56][INFO] Количество задач: 4
[09:24:56][INFO] Симуляция сброшена для нового запуска
[09:25:10][INFO] === СИМУЛЯЦИЯ ЗАВЕРШЕНА ===
[09:25:10][INFO] Экспорт CSV завершён: logs/scenario_2_20260611_092510.csv
[09:25:10][INFO] Сброс планировщика
[09:25:10][INFO] Задача добавлена: Критическая задача (P=10, WCET=4, D=10)
[09:25:10][INFO] Задача добавлена: Важная задача (P=20, WCET=4, D=20)
[09:25:10][INFO] Задача добавлена: Фоновая задача (P=50, WCET=8, D=50)
[09:25:10][INFO] Таблица задач выведена, всего задач: 3
============================================================
  НАЧАЛО СИМУЛЯЦИИ RMS ПЛАНИРОВЩИКА
============================================================
[09:25:10][INFO] Длительность симуляции: 500 тиков
[09:25:10][INFO] Количество задач: 3
[09:25:10][INFO] Симуляция сброшена для нового запуска
[09:25:26][INFO] === СИМУЛЯЦИЯ ЗАВЕРШЕНА ===
[09:25:26][INFO] Экспорт CSV завершён: logs/scenario_3_20260611_092526.csv
[09:25:26][INFO] Сброс планировщика
[09:25:26][INFO] Задача добавлена: Быстрый контроль (P=5, WCET=3, D=5)
[09:25:26][INFO] Задача добавлена: Обработка данных (P=10, WCET=4, D=10)
[09:25:26][INFO] Задача добавлена: Связь (P=15, WCET=5, D=15)
[09:25:26][INFO] Задача добавлена: Логирование (P=20, WCET=6, D=20)
[09:25:26][INFO] Таблица задач выведена, всего задач: 4
============================================================
  НАЧАЛО СИМУЛЯЦИИ RMS ПЛАНИРОВЩИКА
============================================================
[09:25:26][INFO] Длительность симуляции: 500 тиков
[09:25:26][INFO] Количество задач: 4
[09:25:26][INFO] Симуляция сброшена для нового запуска
[09:25:41][INFO] === СИМУЛЯЦИЯ ЗАВЕРШЕНА ===
[09:25:41][INFO] Экспорт CSV завершён: logs/scenario_4_20260611_092541.csv
[09:25:41][INFO] Сброс планировщика
[09:25:41][INFO] Задача добавлена: PID регулятор (P=10, WCET=3, D=10)
[09:25:41][INFO] Задача добавлена: Опрос датчиков (P=20, WCET=5, D=20)
[09:25:41][INFO] Задача добавлена: Обмен по UART (P=100, WCET=12, D=100)
[09:25:41][INFO] Задача добавлена: Индикация (P=200, WCET=18, D=200)
[09:25:41][INFO] Задача добавлена: Диагностика (P=1000, WCET=60, D=1000)
[09:25:41][INFO] Таблица задач выведена, всего задач: 5
============================================================
  НАЧАЛО СИМУЛЯЦИИ RMS ПЛАНИРОВЩИКА
============================================================
[09:25:41][INFO] Длительность симуляции: 500 тиков
[09:25:41][INFO] Количество задач: 5
[09:25:41][INFO] Симуляция сброшена для нового запуска
[09:25:58][INFO] === СИМУЛЯЦИЯ ЗАВЕРШЕНА ===
[09:25:58][INFO] Экспорт CSV завершён: logs/scenario_5_20260611_092558.csv

============================================================
Сессия логирования начата: 09:28:30
============================================================

[09:28:30][INFO] Планировщик RMS инициализирован
[09:28:30][INFO] Задача добавлена: T1 (P=6, WCET=2, D=6)
[09:28:30][INFO] Задача добавлена: T2 (P=8, WCET=2, D=8)
[09:28:30][INFO] Задача добавлена: T3 (P=12, WCET=3, D=12)

============================================================
Сессия логирования начата: 09:28:30
============================================================

[09:28:30][INFO] Планировщик RMS инициализирован
[09:28:30][INFO] Задача добавлена: T1 (P=10, WCET=4, D=10)
[09:28:30][INFO] Задача добавлена: T2 (P=20, WCET=4, D=20)
[09:28:30][INFO] Задача добавлена: T3 (P=50, WCET=8, D=50)

============================================================
Сессия логирования начата: 09:28:30
============================================================

[09:28:30][INFO] Планировщик RMS инициализирован
[09:28:30][INFO] Задача добавлена: T1 (P=5, WCET=4, D=5)
[09:28:30][INFO] Задача добавлена: T2 (P=10, WCET=8, D=10)

============================================================
Сессия логирования начата: 09:28:30
============================================================

[09:28:30][INFO] Планировщик RMS инициализирован
[09:28:30][INFO] Задача добавлена: Быстрая (P=5, WCET=1, D=5)
[09:28:30][INFO] Задача добавлена: Средняя (P=10, WCET=2, D=10)
[09:28:30][INFO] Задача добавлена: Медленная (P=20, WCET=4, D=20)

============================================================
Сессия логирования начата: 09:28:30
============================================================

[09:28:30][INFO] Планировщик RMS инициализирован
[09:28:30][INFO] Задача добавлена: T1 (P=10, WCET=6, D=10)
[09:28:30][INFO] Задача добавлена: T2 (P=15, WCET=6, D=15)
[09:28:30][INFO] Сброс планировщика

============================================================
Сессия логирования начата: 09:28:30
============================================================

[09:28:30][INFO] Планировщик RMS инициализирован
[09:28:30][INFO] Задача добавлена: Test1 (P=10, WCET=2, D=10)
[09:28:30][INFO] Задача добавлена: Test2 (P=20, WCET=4, D=20)
[09:28:30][INFO] Задача добавлена: Test3 (P=30, WCET=6, D=30)
[09:28:30][WARNING] Задача с именем 'Test1' уже существует
[09:28:30][ERROR] Некорректное имя задачи: 
[09:28:30][ERROR] Некорректные временные параметры для задачи: Bad
[09:28:30][ERROR] Некорректные временные параметры для задачи: Bad2
[09:28:30][ERROR] Некорректный дедлайн для задачи: Bad3
[09:28:55][INFO] Статистика планировщика: min=0us, max=438us, avg=5,284000us
[09:28:55][INFO] СТАТИСТИКА ВЫПОЛНЕНИЯ
[09:28:55][INFO] Общее время симуляции: 500мс
[09:28:55][INFO] Переключения контекста: 123
[09:28:55][INFO] Пропущенные дедлайны: 0
[09:28:55][INFO] Утилизация CPU: 82,000000%
[09:28:55][INFO] Граница Liu & Layland: 74,349177%
[09:28:55][WARNING] Утилизация превышает границу Liu & Layland
[09:28:55][INFO] Время простоя: 174мс (34,800000%)
[09:28:55][INFO] Общая утилизация CPU: 82,000000%
[09:29:12][INFO] Сброс планировщика

============================================================
Сессия логирования начата: 09:29:51
============================================================

[09:29:51][INFO] Планировщик RMS инициализирован

============================================================
Сессия логирования начата: 09:39:47
============================================================

[09:39:47][INFO] Планировщик RMS инициализирован

============================================================
Сессия логирования начата: 12:52:54
============================================================

[12:52:54][INFO] Планировщик RMS инициализирован

============================================================
Сессия логирования начата: 12:52:58
============================================================

[12:52:58][INFO] Планировщик RMS инициализирован

============================================================
Сессия логирования начата: 21:13:57
============================================================

[21:13:57][INFO] Планировщик RMS инициализирован

============================================================
Сессия логирования начата: 21:14:48
============================================================

[21:14:48][INFO] Планировщик RMS инициализирован

============================================================
Сессия логирования начата: 21:29:48
============================================================

[21:29:48][INFO] Планировщик RMS инициализирован
[21:40:26][INFO] Задача добавлена: SystemMonitor (P=15, WCET=3, D=15)
[21:43:31][INFO] Таблица задач выведена, всего задач: 1
============================================================
  НАЧАЛО СИМУЛЯЦИИ RMS ПЛАНИРОВЩИКА
============================================================
[21:46:35][INFO] Длительность симуляции: 100 тиков
[21:46:35][INFO] Количество задач: 1
[21:46:35][INFO] Симуляция сброшена для нового запуска
[21:46:38][INFO] === СИМУЛЯЦИЯ ЗАВЕРШЕНА ===
[21:48:48][INFO] Сброс планировщика
[21:48:48][INFO] Задача добавлена: Системный монитор (P=15, WCET=3, D=15)
[21:48:48][INFO] Задача добавлена: Сбор данных (P=20, WCET=4, D=20)
[21:48:48][INFO] Задача добавлена: Сетевая связь (P=50, WCET=8, D=50)
[21:48:48][INFO] Таблица задач выведена, всего задач: 3
============================================================
  НАЧАЛО СИМУЛЯЦИИ RMS ПЛАНИРОВЩИКА
============================================================
[21:58:52][INFO] Длительность симуляции: 100 тиков
[21:58:52][INFO] Количество задач: 3
[21:58:52][INFO] Симуляция сброшена для нового запуска
[21:58:54][INFO] === СИМУЛЯЦИЯ ЗАВЕРШЕНА ===
[22:03:28][INFO] Экспорт CSV завершён: logs/simulation_20260618_220328.csv
[22:05:33][INFO] Статистика планировщика: min=0us, max=18us, avg=2,230000us
[22:05:33][INFO] СТАТИСТИКА ВЫПОЛНЕНИЯ
[22:05:33][INFO] Общее время симуляции: 100мс
[22:05:33][INFO] Переключения контекста: 14
[22:05:33][INFO] Пропущенные дедлайны: 0
[22:05:33][INFO] Утилизация CPU: 56,000000%
[22:05:33][INFO] Граница Liu & Layland: 77,976315%
[22:05:33][INFO] Гарантированно планируемо по Liu & Layland
[22:05:33][INFO] Время простоя: 57мс (57,000000%)
[22:05:33][INFO] Общая утилизация CPU: 56,000000%

============================================================
Сессия логирования начата: 22:14:49
============================================================

[22:14:49][INFO] Планировщик RMS инициализирован
[22:15:31][INFO] Задача добавлена: SystemMonitor (P=15, WCET=3, D=15)
[22:16:14][INFO] Таблица задач выведена, всего задач: 1
============================================================
  НАЧАЛО СИМУЛЯЦИИ RMS ПЛАНИРОВЩИКА
============================================================
[22:16:23][INFO] Длительность симуляции: 100 тиков
[22:16:23][INFO] Количество задач: 1
[22:16:23][INFO] Симуляция сброшена для нового запуска
[22:16:25][INFO] === СИМУЛЯЦИЯ ЗАВЕРШЕНА ===
[22:16:46][INFO] Экспорт CSV завершён: logs/simulation_20260618_221646.csv
[22:16:50][INFO] Статистика планировщика: min=0us, max=20us, avg=1,680000us
[22:16:50][INFO] СТАТИСТИКА ВЫПОЛНЕНИЯ
[22:16:50][INFO] Общее время симуляции: 100мс
[22:16:50][INFO] Переключения контекста: 7
[22:16:50][INFO] Пропущенные дедлайны: 0
[22:16:50][INFO] Утилизация CPU: 20,000000%
[22:16:50][INFO] Граница Liu & Layland: 100,000000%
[22:16:50][INFO] Гарантированно планируемо по Liu & Layland
[22:16:50][INFO] Время простоя: 86мс (86,000000%)
[22:16:50][INFO] Общая утилизация CPU: 20,000000%

============================================================
Сессия логирования начата: 22:51:57
============================================================

[22:51:57][INFO] Планировщик RMS инициализирован

============================================================
Сессия логирования начата: 23:21:08
============================================================

[23:21:08][INFO] Планировщик RMS инициализирован
[23:21:55][INFO] Задача добавлена: SystemMonitor (P=15, WCET=3, D=15)
============================================================
  НАЧАЛО СИМУЛЯЦИИ RMS ПЛАНИРОВЩИКА
============================================================
[23:22:14][INFO] Длительность симуляции: 100 тиков
[23:22:14][INFO] Количество задач: 1
[23:22:14][INFO] Симуляция сброшена для нового запуска
[23:22:16][INFO] === СИМУЛЯЦИЯ ЗАВЕРШЕНА ===
[23:26:50][INFO] Статистика планировщика: min=0us, max=10us, avg=1,160000us
[23:26:50][INFO] СТАТИСТИКА ВЫПОЛНЕНИЯ
[23:26:50][INFO] Общее время симуляции: 100мс
[23:26:50][INFO] Переключения контекста: 7
[23:26:50][INFO] Пропущенные дедлайны: 0
[23:26:50][INFO] Утилизация CPU: 20,000000%
[23:26:50][INFO] Граница Liu & Layland: 100,000000%
[23:26:50][INFO] Гарантированно планируемо по Liu & Layland
[23:26:50][INFO] Время простоя: 86мс (86,000000%)
[23:26:50][INFO] Общая утилизация CPU: 20,000000%
============================================================
  НАЧАЛО СИМУЛЯЦИИ RMS ПЛАНИРОВЩИКА
============================================================
[23:27:21][INFO] Длительность симуляции: 100 тиков
[23:27:21][INFO] Количество задач: 1
[23:27:21][INFO] Симуляция сброшена для нового запуска
[23:27:23][INFO] === СИМУЛЯЦИЯ ЗАВЕРШЕНА ===
[23:27:35][INFO] Статистика планировщика: min=0us, max=211us, avg=3,900000us
[23:27:35][INFO] СТАТИСТИКА ВЫПОЛНЕНИЯ
[23:27:35][INFO] Общее время симуляции: 100мс
[23:27:35][INFO] Переключения контекста: 7
[23:27:35][INFO] Пропущенные дедлайны: 0
[23:27:35][INFO] Утилизация CPU: 20,000000%
[23:27:35][INFO] Граница Liu & Layland: 100,000000%
[23:27:35][INFO] Гарантированно планируемо по Liu & Layland
[23:27:35][INFO] Время простоя: 86мс (86,000000%)
[23:27:35][INFO] Общая утилизация CPU: 20,000000%
[23:27:50][INFO] Сброс планировщика
[23:28:08][INFO] Задача добавлена: SystemMonitor (P=15, WCET=3, D=15)
============================================================
  НАЧАЛО СИМУЛЯЦИИ RMS ПЛАНИРОВЩИКА
============================================================
[23:28:21][INFO] Длительность симуляции: 100 тиков
[23:28:21][INFO] Количество задач: 1
[23:28:21][INFO] Симуляция сброшена для нового запуска
[23:28:24][INFO] === СИМУЛЯЦИЯ ЗАВЕРШЕНА ===
[23:28:32][INFO] Статистика планировщика: min=0us, max=18us, avg=1,120000us
[23:28:32][INFO] СТАТИСТИКА ВЫПОЛНЕНИЯ
[23:28:32][INFO] Общее время симуляции: 100мс
[23:28:32][INFO] Переключения контекста: 7
[23:28:32][INFO] Пропущенные дедлайны: 0
[23:28:32][INFO] Утилизация CPU: 20,000000%
[23:28:32][INFO] Граница Liu & Layland: 100,000000%
[23:28:32][INFO] Гарантированно планируемо по Liu & Layland
[23:28:32][INFO] Время простоя: 86мс (86,000000%)
[23:28:32][INFO] Общая утилизация CPU: 20,000000%

============================================================
Сессия логирования начата: 23:29:17
============================================================

[23:29:17][INFO] Планировщик RMS инициализирован
[23:29:35][INFO] Задача добавлена: SystemMonitor (P=15, WCET=3, D=15)
============================================================
  НАЧАЛО СИМУЛЯЦИИ RMS ПЛАНИРОВЩИКА
============================================================
[23:29:45][INFO] Длительность симуляции: 100 тиков
[23:29:45][INFO] Количество задач: 1
[23:29:45][INFO] Симуляция сброшена для нового запуска
[23:29:48][INFO] === СИМУЛЯЦИЯ ЗАВЕРШЕНА ===
[23:29:54][INFO] Статистика планировщика: min=0us, max=142us, avg=4,660000us
[23:29:54][INFO] СТАТИСТИКА ВЫПОЛНЕНИЯ
[23:29:54][INFO] Общее время симуляции: 100мс
[23:29:54][INFO] Переключения контекста: 7
[23:29:54][INFO] Пропущенные дедлайны: 0
[23:29:54][INFO] Утилизация CPU: 20,000000%
[23:29:54][INFO] Граница Liu & Layland: 100,000000%
[23:29:54][INFO] Гарантированно планируемо по Liu & Layland
[23:29:54][INFO] Время простоя: 86мс (86,000000%)
[23:29:54][INFO] Общая утилизация CPU: 20,000000%

============================================================
Сессия логирования начата: 17:25:07
============================================================

[17:25:07][INFO] Планировщик RMS инициализирован
[17:25:58][INFO] Задача добавлена: SystemMonitor (P=15, WCET=3, D=15)
============================================================
  НАЧАЛО СИМУЛЯЦИИ RMS ПЛАНИРОВЩИКА
============================================================
[17:26:04][INFO] Длительность симуляции: 100 тиков
[17:26:04][INFO] Количество задач: 1
[17:26:04][INFO] Симуляция сброшена для нового запуска
[17:26:07][INFO] === СИМУЛЯЦИЯ ЗАВЕРШЕНА ===
[17:26:08][INFO] Экспорт CSV завершён: logs/simulation_20260619_172608.csv
[17:26:15][INFO] Статистика планировщика: min=0us, max=10us, avg=1,500000us
[17:26:15][INFO] СТАТИСТИКА ВЫПОЛНЕНИЯ
[17:26:15][INFO] Общее время симуляции: 100мс
[17:26:15][INFO] Переключения контекста: 7
[17:26:15][INFO] Пропущенные дедлайны: 0
[17:26:15][INFO] Утилизация CPU: 20,000000%
[17:26:15][INFO] Граница Liu & Layland: 100,000000%
[17:26:15][INFO] Гарантированно планируемо по Liu & Layland
[17:26:15][INFO] Время простоя: 86мс (86,000000%)
[17:26:15][INFO] Общая утилизация CPU: 20,000000%
[17:26:27][INFO] Сброс планировщика
[17:26:41][INFO] Задача добавлена: SystemMonitor (P=15, WCET=3, D=15)
============================================================
  НАЧАЛО СИМУЛЯЦИИ RMS ПЛАНИРОВЩИКА
============================================================
[17:26:46][INFO] Длительность симуляции: 100 тиков
[17:26:46][INFO] Количество задач: 1
[17:26:46][INFO] Симуляция сброшена для нового запуска
[17:26:49][INFO] === СИМУЛЯЦИЯ ЗАВЕРШЕНА ===
[17:26:53][INFO] Статистика планировщика: min=0us, max=824us, avg=9,770000us
[17:26:53][INFO] СТАТИСТИКА ВЫПОЛНЕНИЯ
[17:26:53][INFO] Общее время симуляции: 100мс
[17:26:53][INFO] Переключения контекста: 7
[17:26:53][INFO] Пропущенные дедлайны: 0
[17:26:53][INFO] Утилизация CPU: 20,000000%
[17:26:53][INFO] Граница Liu & Layland: 100,000000%
[17:26:53][INFO] Гарантированно планируемо по Liu & Layland
[17:26:53][INFO] Время простоя: 86мс (86,000000%)
[17:26:53][INFO] Общая утилизация CPU: 20,000000%
[17:27:11][INFO] Сброс планировщика

============================================================
Сессия логирования начата: 17:27:52
============================================================

[17:27:52][INFO] Планировщик RMS инициализирован
[17:28:12][INFO] Задача добавлена: SystemMonitor (P=15, WCET=3, D=15)
============================================================
  НАЧАЛО СИМУЛЯЦИИ RMS ПЛАНИРОВЩИКА
============================================================
[17:28:17][INFO] Длительность симуляции: 100 тиков
[17:28:17][INFO] Количество задач: 1
[17:28:17][INFO] Симуляция сброшена для нового запуска
[17:28:20][INFO] === СИМУЛЯЦИЯ ЗАВЕРШЕНА ===
[17:28:26][INFO] Статистика планировщика: min=0us, max=249us, avg=4,570000us
[17:28:26][INFO] СТАТИСТИКА ВЫПОЛНЕНИЯ
[17:28:26][INFO] Общее время симуляции: 100мс
[17:28:26][INFO] Переключения контекста: 7
[17:28:26][INFO] Пропущенные дедлайны: 0
[17:28:26][INFO] Утилизация CPU: 20,000000%
[17:28:26][INFO] Граница Liu & Layland: 100,000000%
[17:28:26][INFO] Гарантированно планируемо по Liu & Layland
[17:28:26][INFO] Время простоя: 86мс (86,000000%)
[17:28:26][INFO] Общая утилизация CPU: 20,000000%
